// Jest Snapshot v1, https://jestjs.io/docs/snapshot-testing

exports[`HomePage matches snapshot 1`] = `
<DocumentFragment>
  <main
    class="flex min-h-screen flex-col items-center justify-center"
  >
    <section
      class="w-full py-24 px-6 flex flex-col items-center justify-center bg-background"
    >
      <div
        class="absolute top-4 right-4"
      >
        <button
          data-testid="theme-toggle"
        >
          Toggle
        </button>
      </div>
      <div
        class="z-10 max-w-5xl w-full items-center justify-between font-mono text-sm lg:flex mb-12"
      >
        <div>
          <h1
            class="text-4xl font-bold"
          >
            🚀 DevAtlas
          </h1>
          <p
            class="mt-4 text-xl text-muted-foreground max-w-lg"
          >
            The ultimate production-grade portfolio engineering showcase. Built with Next.js, NestJS, and love.
          </p>
          <div
            class="mt-8 flex gap-4"
          >
            <a
              class="bg-primary text-primary-foreground px-6 py-3 rounded-md font-semibold hover:opacity-90 transition-opacity"
              href="/projects"
            >
              View Projects
            </a>
            <a
              class="bg-secondary text-secondary-foreground px-6 py-3 rounded-md font-semibold hover:opacity-90 transition-opacity"
              href="/blog"
            >
              Read Blog
            </a>
          </div>
        </div>
        <div
          class="relative w-32 h-32 lg:w-48 lg:h-48 mt-8 lg:mt-0"
        >
          <img
            alt="DevAtlas Hero"
            class="rounded-full object-cover border-4 border-primary/20"
            data-nimg="fill"
            decoding="async"
            sizes="100vw"
            src="/_next/image?url=https%3A%2F%2Fliercesantos.com%2Flogo-dark.png&w=3840&q=75"
            srcset="/_next/image?url=https%3A%2F%2Fliercesantos.com%2Flogo-dark.png&w=640&q=75 640w, /_next/image?url=https%3A%2F%2Fliercesantos.com%2Flogo-dark.png&w=750&q=75 750w, /_next/image?url=https%3A%2F%2Fliercesantos.com%2Flogo-dark.png&w=828&q=75 828w, /_next/image?url=https%3A%2F%2Fliercesantos.com%2Flogo-dark.png&w=1080&q=75 1080w, /_next/image?url=https%3A%2F%2Fliercesantos.com%2Flogo-dark.png&w=1200&q=75 1200w, /_next/image?url=https%3A%2F%2Fliercesantos.com%2Flogo-dark.png&w=1920&q=75 1920w, /_next/image?url=https%3A%2F%2Fliercesantos.com%2Flogo-dark.png&w=2048&q=75 2048w, /_next/image?url=https%3A%2F%2Fliercesantos.com%2Flogo-dark.png&w=3840&q=75 3840w"
            style="position: absolute; height: 100%; width: 100%; left: 0px; top: 0px; right: 0px; bottom: 0px; color: transparent;"
          />
        </div>
      </div>
    </section>
    <section
      class="w-full py-20 px-6 bg-muted/30"
      id="about"
    >
      <div
        class="max-w-5xl mx-auto"
      >
        <h2
          class="text-3xl font-bold mb-8 text-center"
        >
          About DevAtlas
        </h2>
        <div
          class="grid md:grid-cols-2 gap-12 items-center"
        >
          <div>
            <p
              class="text-lg text-muted-foreground leading-relaxed"
            >
              DevAtlas is more than just a portfolio; it's a comprehensive engineering showcase designed to demonstrate best practices in modern full-stack development.
            </p>
            <p
              class="mt-4 text-lg text-muted-foreground leading-relaxed"
            >
              From a modular NestJS backend to a performance-optimized Next.js frontend, every line of code is written with scalability, maintainability, and performance in mind.
            </p>
          </div>
          <div
            class="bg-card p-8 rounded-xl border shadow-sm"
          >
            <h3
              class="text-xl font-semibold mb-4"
            >
              Core Philosophy
            </h3>
            <ul
              class="space-y-3"
            >
              <li
                class="flex items-center gap-2"
              >
                <span
                  class="text-primary"
                >
                  ✓
                </span>
                 Clean Architecture
              </li>
              <li
                class="flex items-center gap-2"
              >
                <span
                  class="text-primary"
                >
                  ✓
                </span>
                 Type Safety Everywhere
              </li>
              <li
                class="flex items-center gap-2"
              >
                <span
                  class="text-primary"
                >
                  ✓
                </span>
                 Automated Quality Assurance
              </li>
              <li
                class="flex items-center gap-2"
              >
                <span
                  class="text-primary"
                >
                  ✓
                </span>
                 Exceptional User Experience
              </li>
            </ul>
          </div>
        </div>
      </div>
    </section>
    <section
      class="w-full py-20 px-6"
      id="tech-stack"
    >
      <div
        class="max-w-5xl mx-auto"
      >
        <h2
          class="text-3xl font-bold mb-12 text-center"
        >
          Tech Stack
        </h2>
        <div
          class="grid grid-cols-2 md:grid-cols-4 gap-8"
        >
          <div
            class="flex flex-col items-center p-6 border rounded-lg hover:border-primary transition-colors"
          >
            <span
              class="font-bold text-lg"
            >
              Next.js
            </span>
            <span
              class="text-xs text-muted-foreground uppercase mt-1"
            >
              Frontend
            </span>
          </div>
          <div
            class="flex flex-col items-center p-6 border rounded-lg hover:border-primary transition-colors"
          >
            <span
              class="font-bold text-lg"
            >
              NestJS
            </span>
            <span
              class="text-xs text-muted-foreground uppercase mt-1"
            >
              Backend
            </span>
          </div>
          <div
            class="flex flex-col items-center p-6 border rounded-lg hover:border-primary transition-colors"
          >
            <span
              class="font-bold text-lg"
            >
              TypeScript
            </span>
            <span
              class="text-xs text-muted-foreground uppercase mt-1"
            >
              Language
            </span>
          </div>
          <div
            class="flex flex-col items-center p-6 border rounded-lg hover:border-primary transition-colors"
          >
            <span
              class="font-bold text-lg"
            >
              PostgreSQL
            </span>
            <span
              class="text-xs text-muted-foreground uppercase mt-1"
            >
              Database
            </span>
          </div>
          <div
            class="flex flex-col items-center p-6 border rounded-lg hover:border-primary transition-colors"
          >
            <span
              class="font-bold text-lg"
            >
              TailwindCSS
            </span>
            <span
              class="text-xs text-muted-foreground uppercase mt-1"
            >
              Styling
            </span>
          </div>
          <div
            class="flex flex-col items-center p-6 border rounded-lg hover:border-primary transition-colors"
          >
            <span
              class="font-bold text-lg"
            >
              Prisma
            </span>
            <span
              class="text-xs text-muted-foreground uppercase mt-1"
            >
              ORM
            </span>
          </div>
          <div
            class="flex flex-col items-center p-6 border rounded-lg hover:border-primary transition-colors"
          >
            <span
              class="font-bold text-lg"
            >
              GraphQL
            </span>
            <span
              class="text-xs text-muted-foreground uppercase mt-1"
            >
              API
            </span>
          </div>
          <div
            class="flex flex-col items-center p-6 border rounded-lg hover:border-primary transition-colors"
          >
            <span
              class="font-bold text-lg"
            >
              Jest
            </span>
            <span
              class="text-xs text-muted-foreground uppercase mt-1"
            >
              Testing
            </span>
          </div>
        </div>
      </div>
    </section>
    <section
      class="w-full py-12 border-t mt-auto"
    >
      <div
        class="max-w-5xl mx-auto px-6 flex justify-between items-center text-sm text-muted-foreground"
      >
        <p>
          © 2026 DevAtlas. Built with Next.js 15.
        </p>
        <div
          class="flex gap-4"
        >
          <a
            class="hover:text-primary"
            href="/admin"
          >
            Admin Dashboard
          </a>
        </div>
      </div>
    </section>
    <div
      class="hidden"
    >
      <div
        data-testid="lazy-heavy-component"
      >
        Lazy Component
      </div>
    </div>
  </main>
</DocumentFragment>
`;
